#
# There is insufficient memory for the Java Runtime Environment to continue.
# Native memory allocation (mmap) failed to map 268435456 bytes. Error detail: G1 virtual space
# Possible reasons:
#   The system is out of physical RAM or swap space
#   This process is running with CompressedOops enabled, and the Java Heap may be blocking the growth of the native heap
# Possible solutions:
#   Reduce memory load on the system
#   Increase physical memory or swap space
#   Check if swap backing store is full
#   Decrease Java heap size (-Xmx/-Xms)
#   Decrease number of Java threads
#   Decrease Java thread stack sizes (-Xss)
#   Set larger code cache with -XX:ReservedCodeCacheSize=
#   JVM is running with Zero Based Compressed Oops mode in which the Java heap is
#     placed in the first 32GB address space. The Java Heap base address is the
#     maximum limit for the native heap growth. Please use -XX:HeapBaseMinAddress
#     to set the Java Heap base and to place the Java Heap above 32GB virtual address.
# This output file may be truncated or incomplete.
#
#  Out of Memory Error (os_windows.cpp:3828), pid=10032, tid=15624
#
# JRE version:  (21.0.5+8) (build )
# Java VM: OpenJDK 64-Bit Server VM (21.0.5+8-b631.28, mixed mode, sharing, tiered, compressed oops, compressed class ptrs, g1 gc, windows-amd64)
# No core dump will be written. Minidumps are not enabled by default on client versions of Windows
#

---------------  S U M M A R Y ------------

Command Line: git4idea.http.GitAskPassApp Username for 'https://github.com': 

Host: Intel(R) Core(TM) i5-9400 CPU @ 2.90GHz, 6 cores, 15G,  Windows 10 , 64 bit Build 19041 (10.0.19041.5198)
Time: Tue Jan  7 23:12:52 2025  Windows 10 , 64 bit Build 19041 (10.0.19041.5198) elapsed time: 0.008853 seconds (0d 0h 0m 0s)

---------------  T H R E A D  ---------------

Current thread (0x000002293e54cc30):  JavaThread "Unknown thread" [_thread_in_vm, id=15624, stack(0x000000bf3ae00000,0x000000bf3af00000) (1024K)]

Stack: [0x000000bf3ae00000,0x000000bf3af00000]
Native frames: (J=compiled Java code, j=interpreted, Vv=VM code, C=native code)
V  [jvm.dll+0x6e52b9]
V  [jvm.dll+0x8c3633]
V  [jvm.dll+0x8c5b8e]
V  [jvm.dll+0x8c6273]
V  [jvm.dll+0x288f46]
V  [jvm.dll+0x6e1a35]
V  [jvm.dll+0x6d5e3a]
V  [jvm.dll+0x3634bb]
V  [jvm.dll+0x36b086]
V  [jvm.dll+0x3bd346]
V  [jvm.dll+0x3bd618]
V  [jvm.dll+0x335c2c]
V  [jvm.dll+0x33691b]
V  [jvm.dll+0x88aa89]
V  [jvm.dll+0x3ca518]
V  [jvm.dll+0x873b98]
V  [jvm.dll+0x45eede]
V  [jvm.dll+0x460bc1]
C  [jli.dll+0x52ab]
C  [ucrtbase.dll+0x21bb2]
C  [KERNEL32.DLL+0x17374]
C  [ntdll.dll+0x4cc91]


---------------  P R O C E S S  ---------------

Threads class SMR info:
_java_thread_list=0x00007ffc2971a148, length=0, elements={
}

Java Threads: ( => current thread )
Total: 0

Other Threads:
  0x000002293e5b5b90 WorkerThread "GC Thread#0"                     [id=4920, stack(0x000000bf3af00000,0x000000bf3b000000) (1024K)]
  0x000002293e5c6a70 ConcurrentGCThread "G1 Main Marker"            [id=11352, stack(0x000000bf3b000000,0x000000bf3b100000) (1024K)]
  0x000002293e5c8730 WorkerThread "G1 Conc#0"                       [id=1068, stack(0x000000bf3b100000,0x000000bf3b200000) (1024K)]

[error occurred during error reporting (printing all threads), id 0xc0000005, EXCEPTION_ACCESS_VIOLATION (0xc0000005) at pc=0x00007ffc28e08ce7]
VM state: not at safepoint (not fully initialized)

VM Mutex/Monitor currently owned by a thread:  ([mutex/lock_event])
[0x00007ffc2978eb30] Heap_lock - owner thread: 0x000002293e54cc30

Heap address: 0x0000000701000000, size: 4080 MB, Compressed Oops mode: Zero based, Oop shift amount: 3

CDS archive(s) mapped at: [0x0000000000000000-0x0000000000000000-0x0000000000000000), size 0, SharedBaseAddress: 0x0000000800000000, ArchiveRelocationMode: 1.
Narrow klass base: 0x0000000000000000, Narrow klass shift: 0, Narrow klass range: 0x0

GC Precious Log:
 CardTable entry size: 512
 Card Set container configuration: InlinePtr #cards 4 size 8 Array Of Cards #cards 16 size 48 Howl #buckets 8 coarsen threshold 3686 Howl Bitmap #cards 512 size 80 coarsen threshold 460 Card regions per heap region 1 cards per card region 4096

Heap:
 garbage-first heap   total 0K, used 0K [0x0000000701000000, 0x0000000800000000)
  region size 2048K, 0 young (0K), 0 survivors (0K)
 Metaspace       used 0K, committed 0K, reserved 0K
  class space    used 0K, committed 0K, reserved 0K

Heap Regions: E=young(eden), S=young(survivor), O=old, HS=humongous(starts), HC=humongous(continues), CS=collection set, F=free, TAMS=top-at-mark-start, PB=parsable bottom

Card table byte_map: [0x0000022951e00000,0x0000022952600000] _byte_map_base: 0x000002294e5f8000

Marking Bits: (CMBitMap*) 0x000002293e5b6290
 Bits: [0x0000022952600000, 0x00000229565c0000)

GC Heap History (0 events):
No events

Dll operation events (1 events):
Event: 0.005 Loaded shared library C:\Users\User\AppData\Local\Programs\Rider\jbr\bin\java.dll

Deoptimization events (0 events):
No events

Classes loaded (0 events):
No events

Classes unloaded (0 events):
No events

Classes redefined (0 events):
No events

Internal exceptions (0 events):
No events

ZGC Phase Switch (0 events):
No events

VM Operations (0 events):
No events

Memory protections (0 events):
No events

Nmethod flushes (0 events):
No events

Events (0 events):
No events


Dynamic libraries:
0x00007ff76f680000 - 0x00007ff76f68a000 	C:\Users\User\AppData\Local\Programs\Rider\jbr\bin\java.exe
0x00007ffc989b0000 - 0x00007ffc98ba8000 	C:\Windows\SYSTEM32\ntdll.dll
0x00007ffc98870000 - 0x00007ffc98932000 	C:\Windows\System32\KERNEL32.DLL
0x00007ffc966d0000 - 0x00007ffc969ce000 	C:\Windows\System32\KERNELBASE.dll
0x00007ffc960f0000 - 0x00007ffc961f0000 	C:\Windows\System32\ucrtbase.dll
0x00007ffc506b0000 - 0x00007ffc506c8000 	C:\Users\User\AppData\Local\Programs\Rider\jbr\bin\jli.dll
0x00007ffc8c1f0000 - 0x00007ffc8c20b000 	C:\Users\User\AppData\Local\Programs\Rider\jbr\bin\VCRUNTIME140.dll
0x00007ffc96b00000 - 0x00007ffc96c9d000 	C:\Windows\System32\USER32.dll
0x00007ffc87c50000 - 0x00007ffc87eea000 	C:\Windows\WinSxS\amd64_microsoft.windows.common-controls_6595b64144ccf1df_6.0.19041.4355_none_60b8b9eb71f62e16\COMCTL32.dll
0x00007ffc96560000 - 0x00007ffc96582000 	C:\Windows\System32\win32u.dll
0x00007ffc96ca0000 - 0x00007ffc96d3e000 	C:\Windows\System32\msvcrt.dll
0x00007ffc98940000 - 0x00007ffc9896b000 	C:\Windows\System32\GDI32.dll
0x00007ffc96440000 - 0x00007ffc96557000 	C:\Windows\System32\gdi32full.dll
0x00007ffc96240000 - 0x00007ffc962dd000 	C:\Windows\System32\msvcp_win.dll
0x00007ffc973a0000 - 0x00007ffc973cf000 	C:\Windows\System32\IMM32.DLL
0x00007ffc93240000 - 0x00007ffc9324c000 	C:\Users\User\AppData\Local\Programs\Rider\jbr\bin\vcruntime140_1.dll
0x00007ffc1a700000 - 0x00007ffc1a78d000 	C:\Users\User\AppData\Local\Programs\Rider\jbr\bin\msvcp140.dll
0x00007ffc28ac0000 - 0x00007ffc29881000 	C:\Users\User\AppData\Local\Programs\Rider\jbr\bin\server\jvm.dll
0x00007ffc97470000 - 0x00007ffc97521000 	C:\Windows\System32\ADVAPI32.dll
0x00007ffc973d0000 - 0x00007ffc9746f000 	C:\Windows\System32\sechost.dll
0x00007ffc970d0000 - 0x00007ffc971f3000 	C:\Windows\System32\RPCRT4.dll
0x00007ffc96050000 - 0x00007ffc96077000 	C:\Windows\System32\bcrypt.dll
0x00007ffc97330000 - 0x00007ffc9739b000 	C:\Windows\System32\WS2_32.dll
0x00007ffc955a0000 - 0x00007ffc955eb000 	C:\Windows\SYSTEM32\POWRPROF.dll
0x00007ffc86b50000 - 0x00007ffc86b77000 	C:\Windows\SYSTEM32\WINMM.dll
0x00007ffc8fad0000 - 0x00007ffc8fada000 	C:\Windows\SYSTEM32\VERSION.dll
0x00007ffc95410000 - 0x00007ffc95422000 	C:\Windows\SYSTEM32\UMPDC.dll
0x00007ffc93dd0000 - 0x00007ffc93de2000 	C:\Windows\SYSTEM32\kernel.appcore.dll
0x00007ffc93200000 - 0x00007ffc9320a000 	C:\Users\User\AppData\Local\Programs\Rider\jbr\bin\jimage.dll
0x00007ffc861f0000 - 0x00007ffc863d4000 	C:\Windows\SYSTEM32\DBGHELP.DLL
0x00007ffc77060000 - 0x00007ffc77094000 	C:\Windows\SYSTEM32\dbgcore.DLL
0x00007ffc96640000 - 0x00007ffc966c2000 	C:\Windows\System32\bcryptPrimitives.dll
0x00007ffc8c1d0000 - 0x00007ffc8c1f0000 	C:\Users\User\AppData\Local\Programs\Rider\jbr\bin\java.dll

dbghelp: loaded successfully - version: 4.0.5 - missing functions: none
symbol engine: initialized successfully - sym options: 0x614 - pdb path: .;C:\Users\User\AppData\Local\Programs\Rider\jbr\bin;C:\Windows\SYSTEM32;C:\Windows\WinSxS\amd64_microsoft.windows.common-controls_6595b64144ccf1df_6.0.19041.4355_none_60b8b9eb71f62e16;C:\Users\User\AppData\Local\Programs\Rider\jbr\bin\server

VM Arguments:
java_command: git4idea.http.GitAskPassApp Username for 'https://github.com': 
java_class_path (initial): C:/Users/User/AppData/Local/Programs/Rider/plugins/vcs-git/lib/git4idea-rt.jar;C:/Users/User/AppData/Local/Programs/Rider/lib/externalProcess-rt.jar
Launcher Type: SUN_STANDARD

[Global flags]
     intx CICompilerCount                          = 3                                         {product} {ergonomic}
     uint ConcGCThreads                            = 2                                         {product} {ergonomic}
     uint G1ConcRefinementThreads                  = 6                                         {product} {ergonomic}
   size_t G1HeapRegionSize                         = 2097152                                   {product} {ergonomic}
    uintx GCDrainStackTargetSize                   = 64                                        {product} {ergonomic}
   size_t InitialHeapSize                          = 268435456                                 {product} {ergonomic}
   size_t MarkStackSize                            = 4194304                                   {product} {ergonomic}
   size_t MaxHeapSize                              = 4278190080                                {product} {ergonomic}
   size_t MinHeapDeltaBytes                        = 2097152                                   {product} {ergonomic}
   size_t MinHeapSize                              = 8388608                                   {product} {ergonomic}
    uintx NonNMethodCodeHeapSize                   = 5832780                                {pd product} {ergonomic}
    uintx NonProfiledCodeHeapSize                  = 122912730                              {pd product} {ergonomic}
    uintx ProfiledCodeHeapSize                     = 122912730                              {pd product} {ergonomic}
    uintx ReservedCodeCacheSize                    = 251658240                              {pd product} {ergonomic}
     bool SegmentedCodeCache                       = true                                      {product} {ergonomic}
   size_t SoftMaxHeapSize                          = 4278190080                             {manageable} {ergonomic}
     bool UseCompressedOops                        = true                           {product lp64_product} {ergonomic}
     bool UseG1GC                                  = true                                      {product} {ergonomic}
     bool UseLargePagesIndividualAllocation        = false                                  {pd product} {ergonomic}

Logging:
Log output configuration:
 #0: stdout all=warning uptime,level,tags foldmultilines=false
 #1: stderr all=off uptime,level,tags foldmultilines=false

Environment Variables:
PATH=D:/Git/mingw64/libexec/git-core;D:/Git/mingw64/libexec/git-core;D:\Git\mingw64\bin;D:\Git\usr\bin;C:\Users\User\bin;C:\dev\flutter\bin;C:\Program Files (x86)\Common Files\Oracle\Java\javapath;C:\ProgramData\Oracle\Java\javapath;C:\Windows\system32;C:\Windows;C:\Windows\System32\Wbem;C:\Windows\System32\WindowsPowerShell\v1.0\;C:\Windows\System32\OpenSSH\;C:\Program Files\Cloudflare\Cloudflare WARP\;D:\Git\cmd;C:\Program Files\Docker\Docker\resources\bin;C:\Program Files\Microsoft SQL Server\150\Tools\Binn\;C:\dev\flutter\bin;C:\Users\User\AppData\Local\Microsoft\WindowsApps;%PyCharm Community Edition%;D:\шаг\Microsoft VS Code\bin;C:\Users\User\AppData\Local\GitHubDesktop\bin;C:\Users\User\AppData\Local\JetBrains\Toolbox\scripts;C:\Users\User\.dotnet\tools
USERNAME=User
DISPLAY=:0.0
LC_ALL=en_US.UTF-8
TERM=xterm-256color
TMPDIR=C:\Users\User\AppData\Local\Temp
OS=Windows_NT
PROCESSOR_IDENTIFIER=Intel64 Family 6 Model 158 Stepping 10, GenuineIntel
TMP=C:\Users\User\AppData\Local\Temp
TEMP=C:\Users\User\AppData\Local\Temp




Periodic native trim disabled

JNI global refs:
JNI global refs: 0, weak refs: 0

JNI global refs memory usage: 0, weak refs: 0

Process memory usage:
Resident Set Size: 10888K (0% of 16709072K total physical memory with 4603864K free physical memory)

OOME stack traces (most recent first):
Classloader memory used:

---------------  S Y S T E M  ---------------

OS:
 Windows 10 , 64 bit Build 19041 (10.0.19041.5198)
OS uptime: 7 days 3:15 hours
Hyper-V role detected

CPU: total 6 (initial active 6) (6 cores per cpu, 1 threads per core) family 6 model 158 stepping 10 microcode 0xb4, cx8, cmov, fxsr, mmx, 3dnowpref, sse, sse2, sse3, ssse3, sse4.1, sse4.2, popcnt, lzcnt, tsc, tscinvbit, avx, avx2, aes, erms, clmul, bmi1, bmi2, adx, fma, vzeroupper, clflush, clflushopt, hv, rdtscp, f16c
Processor Information for all 6 processors :
  Max Mhz: 2904, Current Mhz: 2904, Mhz Limit: 2904

Memory: 4k page, system-wide physical 16317M (4495M free)
TotalPageFile size 19252M (AvailPageFile size 190M)
current process WorkingSet (physical memory assigned to process): 10M, peak: 10M
current process commit charge ("private bytes"): 56M, peak: 312M

vm_info: OpenJDK 64-Bit Server VM (21.0.5+8-b631.28) for windows-amd64 JRE (21.0.5+8-b631.28), built on 2024-11-23 by "builduser" with MS VC++ 16.10 / 16.11 (VS2019)

END.
